mode: set
fantasy/database/entities/league.go:36.43,38.17 2 0
fantasy/database/entities/league.go:41.2,41.48 1 0
fantasy/database/entities/league.go:38.17,40.3 1 0
fantasy/database/entities/league.go:44.64,46.2 1 0
fantasy/database/entities/league.go:48.58,49.54 1 0
fantasy/database/entities/league.go:49.54,55.3 1 0
fantasy/database/lib/requests.go:12.73,15.6 3 0
fantasy/database/lib/requests.go:26.2,26.27 1 0
fantasy/database/lib/requests.go:15.6,17.27 2 0
fantasy/database/lib/requests.go:20.3,20.17 1 0
fantasy/database/lib/requests.go:24.3,24.52 1 0
fantasy/database/lib/requests.go:17.27,18.9 1 0
fantasy/database/lib/requests.go:20.17,23.4 2 0
fantasy/database/lib/requests.go:29.85,31.16 2 1
fantasy/database/lib/requests.go:36.2,36.45 1 1
fantasy/database/lib/requests.go:31.16,35.3 3 1
fantasy/database/lib/requests.go:39.89,41.27 2 0
fantasy/database/lib/requests.go:44.2,45.16 2 0
fantasy/database/lib/requests.go:49.2,49.52 1 0
fantasy/database/lib/requests.go:41.27,43.3 1 0
fantasy/database/lib/requests.go:45.16,48.3 2 0
fantasy/database/lib/requests.go:52.83,54.16 2 1
fantasy/database/lib/requests.go:58.2,58.30 1 1
fantasy/database/lib/requests.go:54.16,57.3 2 0
fantasy/database/lib/requests.go:61.92,63.16 2 0
fantasy/database/lib/requests.go:67.2,67.19 1 0
fantasy/database/lib/requests.go:63.16,66.3 2 0
fantasy/database/lib/requests.go:70.107,75.16 3 0
fantasy/database/lib/requests.go:81.2,81.19 1 0
fantasy/database/lib/requests.go:75.16,80.3 2 0
fantasy/database/lib/requests.go:84.107,89.16 3 0
fantasy/database/lib/requests.go:95.2,95.19 1 0
fantasy/database/lib/requests.go:89.16,94.3 2 0
fantasy/database/tests/utils/requests.go:14.44,17.2 2 1
fantasy/database/tests/utils/requests.go:19.58,21.2 1 1
fantasy/database/tests/utils/requests.go:23.43,25.16 2 1
fantasy/database/tests/utils/requests.go:28.2,30.40 2 1
fantasy/database/tests/utils/requests.go:25.16,27.3 1 0
fantasy/database/tests/utils/requests.go:33.55,35.16 2 1
fantasy/database/tests/utils/requests.go:38.2,40.40 2 1
fantasy/database/tests/utils/requests.go:35.16,37.3 1 0
fantasy/database/entities/player.go:26.74,35.38 4 1
fantasy/database/entities/player.go:42.2,43.15 2 1
fantasy/database/entities/player.go:35.38,40.3 4 1
fantasy/database/lib/config.go:17.19,22.16 5 0
fantasy/database/lib/config.go:26.2,27.16 2 0
fantasy/database/lib/config.go:31.2,32.16 2 0
fantasy/database/lib/config.go:22.16,24.3 1 0
fantasy/database/lib/config.go:27.16,29.3 1 0
fantasy/database/lib/config.go:32.16,34.3 1 0
fantasy/database/lib/config.go:37.23,41.16 4 1
fantasy/database/lib/config.go:45.2,46.16 2 1
fantasy/database/lib/config.go:41.16,43.3 1 0
fantasy/database/lib/config.go:46.16,48.3 1 0
fantasy/database/lib/errors.go:20.37,22.2 1 1
fantasy/database/lib/errors.go:24.47,29.2 1 1
fantasy/database/lib/errors.go:43.42,46.36 2 0
fantasy/database/lib/errors.go:52.2,52.29 1 0
fantasy/database/lib/errors.go:46.36,48.3 1 0
fantasy/database/lib/errors.go:48.8,48.37 1 0
fantasy/database/lib/errors.go:48.37,50.3 1 0
fantasy/database/lib/errors.go:55.43,58.40 2 1
fantasy/database/lib/errors.go:62.2,62.29 1 1
fantasy/database/lib/errors.go:58.40,60.3 1 1
fantasy/database/lib/errors.go:65.42,67.2 1 0
fantasy/database/lib/errors.go:69.42,71.2 1 0
fantasy/database/lib/errors.go:73.43,76.63 2 0
fantasy/database/lib/errors.go:88.2,88.29 1 0
fantasy/database/lib/errors.go:76.63,78.3 1 0
fantasy/database/lib/errors.go:78.8,78.82 1 0
fantasy/database/lib/errors.go:78.82,80.3 1 0
fantasy/database/lib/errors.go:80.8,80.39 1 0
fantasy/database/lib/errors.go:80.39,82.3 1 0
fantasy/database/lib/errors.go:82.8,82.45 1 0
fantasy/database/lib/errors.go:82.45,84.3 1 0
fantasy/database/lib/errors.go:84.8,84.37 1 0
fantasy/database/lib/errors.go:84.37,86.3 1 0
fantasy/database/controllers/middleware.go:11.38,13.19 2 0
fantasy/database/controllers/middleware.go:18.2,19.25 2 0
fantasy/database/controllers/middleware.go:24.2,25.12 2 0
fantasy/database/controllers/middleware.go:13.19,16.3 2 0
fantasy/database/controllers/middleware.go:19.25,22.3 2 0
fantasy/database/controllers/users.go:11.38,15.51 3 0
fantasy/database/controllers/users.go:20.2,21.98 2 0
fantasy/database/controllers/users.go:26.2,26.53 1 0
fantasy/database/controllers/users.go:15.51,18.3 2 0
fantasy/database/controllers/users.go:21.98,24.3 2 0
fantasy/database/controllers/users.go:29.41,33.51 3 0
fantasy/database/controllers/users.go:38.2,39.98 2 0
fantasy/database/controllers/users.go:44.2,44.53 1 0
fantasy/database/controllers/users.go:33.51,36.3 2 0
fantasy/database/controllers/users.go:39.98,42.3 2 0
fantasy/database/controllers/users.go:47.36,51.25 3 0
fantasy/database/controllers/users.go:56.2,57.25 2 0
fantasy/database/controllers/users.go:62.2,63.25 2 0
fantasy/database/controllers/users.go:68.2,74.50 2 0
fantasy/database/controllers/users.go:51.25,54.3 2 0
fantasy/database/controllers/users.go:57.25,60.3 2 0
fantasy/database/controllers/users.go:63.25,66.3 2 0
fantasy/database/controllers/users.go:77.32,79.51 2 0
fantasy/database/controllers/users.go:84.2,85.25 2 0
fantasy/database/controllers/users.go:90.2,95.92 2 0
fantasy/database/controllers/users.go:100.2,100.53 1 0
fantasy/database/controllers/users.go:79.51,82.3 2 0
fantasy/database/controllers/users.go:85.25,88.3 2 0
fantasy/database/controllers/users.go:95.92,98.3 2 0
fantasy/database/controllers/users.go:104.83,107.2 2 0
fantasy/database/utils/array.go:5.58,8.33 2 0
fantasy/database/utils/array.go:16.2,16.38 1 0
fantasy/database/utils/array.go:8.33,11.29 2 0
fantasy/database/utils/array.go:11.29,13.4 1 0
fantasy/database/utils/array.go:19.49,20.30 1 0
fantasy/database/utils/array.go:27.2,27.14 1 0
fantasy/database/utils/array.go:20.30,22.22 2 0
fantasy/database/utils/array.go:22.22,24.4 1 0
fantasy/database/utils/array.go:32.79,33.30 1 0
fantasy/database/utils/array.go:40.2,40.14 1 0
fantasy/database/utils/array.go:33.30,35.30 2 0
fantasy/database/utils/array.go:35.30,37.4 1 0
fantasy/database/utils/array.go:44.46,46.34 2 0
fantasy/database/utils/array.go:49.2,49.15 1 0
fantasy/database/utils/array.go:46.34,48.3 1 0
fantasy/database/utils/string.go:9.34,11.22 2 0
fantasy/database/utils/string.go:15.2,16.29 2 0
fantasy/database/utils/string.go:11.22,13.8 2 0
fantasy/database/utils/struct.go:9.48,12.16 3 1
fantasy/database/utils/struct.go:15.2,15.16 1 1
fantasy/database/utils/struct.go:12.16,14.3 1 0
fantasy/database/utils/struct.go:18.51,21.16 3 0
fantasy/database/utils/struct.go:24.2,24.13 1 0
fantasy/database/utils/struct.go:21.16,23.3 1 0
fantasy/database/utils/struct.go:27.65,30.17 3 0
fantasy/database/utils/struct.go:33.2,33.12 1 0
fantasy/database/utils/struct.go:30.17,32.3 1 0
fantasy/database/lib/user.go:11.78,18.16 3 0
fantasy/database/lib/user.go:22.2,22.29 1 0
fantasy/database/lib/user.go:18.16,21.3 2 0
fantasy/database/lib/user.go:25.73,27.16 2 0
fantasy/database/lib/user.go:31.2,31.32 1 0
fantasy/database/lib/user.go:27.16,30.3 2 0
fantasy/database/controllers/leagues.go:12.34,16.51 3 0
fantasy/database/controllers/leagues.go:21.2,25.25 3 0
fantasy/database/controllers/leagues.go:30.2,30.74 1 0
fantasy/database/controllers/leagues.go:35.2,35.53 1 0
fantasy/database/controllers/leagues.go:16.51,19.3 2 0
fantasy/database/controllers/leagues.go:25.25,28.3 2 0
fantasy/database/controllers/leagues.go:30.74,33.3 2 0
fantasy/database/controllers/leagues.go:38.38,42.20 3 0
fantasy/database/controllers/leagues.go:48.2,49.25 2 0
fantasy/database/controllers/leagues.go:53.2,53.49 1 0
fantasy/database/controllers/leagues.go:59.2,60.25 2 0
fantasy/database/controllers/leagues.go:64.2,65.60 2 0
fantasy/database/controllers/leagues.go:74.2,75.25 2 0
fantasy/database/controllers/leagues.go:79.2,84.58 2 0
fantasy/database/controllers/leagues.go:42.20,46.3 3 0
fantasy/database/controllers/leagues.go:49.25,52.3 2 0
fantasy/database/controllers/leagues.go:53.49,57.3 3 0
fantasy/database/controllers/leagues.go:60.25,63.3 2 0
fantasy/database/controllers/leagues.go:65.60,66.26 1 0
fantasy/database/controllers/leagues.go:70.3,72.16 3 0
fantasy/database/controllers/leagues.go:66.26,68.4 1 0
fantasy/database/controllers/leagues.go:75.25,77.3 1 0
fantasy/database/controllers/leagues.go:87.101,89.25 2 0
fantasy/database/controllers/leagues.go:93.2,97.19 1 0
fantasy/database/controllers/leagues.go:89.25,91.3 1 0
fantasy/database/controllers/players.go:12.34,14.25 2 1
fantasy/database/controllers/players.go:18.2,18.50 1 1
fantasy/database/controllers/players.go:14.25,17.3 2 1
fantasy/database/controllers/players.go:21.34,23.51 2 1
fantasy/database/controllers/players.go:28.2,31.25 2 1
fantasy/database/controllers/players.go:36.2,36.53 1 1
fantasy/database/controllers/players.go:23.51,26.3 2 1
fantasy/database/controllers/players.go:31.25,34.3 2 0
fantasy/database/controllers/players.go:39.43,41.16 2 0
fantasy/database/controllers/players.go:44.2,52.31 3 0
fantasy/database/controllers/players.go:61.2,61.31 1 0
fantasy/database/controllers/players.go:65.2,65.52 1 0
fantasy/database/controllers/players.go:41.16,43.3 1 0
fantasy/database/controllers/players.go:52.31,59.3 2 0
fantasy/database/controllers/players.go:61.31,63.3 1 0
fantasy/database/utils/document.go:9.59,10.19 1 1
fantasy/database/utils/document.go:14.2,18.44 2 1
fantasy/database/utils/document.go:22.2,22.31 1 1
fantasy/database/utils/document.go:10.19,12.3 1 0
fantasy/database/utils/document.go:18.44,20.3 1 0
fantasy/database/utils/document.go:25.73,27.32 2 0
fantasy/database/utils/document.go:30.2,30.15 1 0
fantasy/database/utils/document.go:27.32,29.3 1 0
fantasy/database/lib/queries.go:18.80,27.6 3 0
fantasy/database/lib/queries.go:37.2,37.15 1 0
fantasy/database/lib/queries.go:27.6,29.27 2 0
fantasy/database/lib/queries.go:32.3,32.17 1 0
fantasy/database/lib/queries.go:35.3,35.52 1 0
fantasy/database/lib/queries.go:29.27,30.9 1 0
fantasy/database/lib/queries.go:32.17,34.4 1 0
fantasy/database/controllers/teams.go:11.33,13.25 2 0
fantasy/database/controllers/teams.go:17.2,17.48 1 0
fantasy/database/controllers/teams.go:13.25,16.3 2 0
fantasy/database/controllers/teams.go:20.32,22.25 2 0
fantasy/database/controllers/teams.go:26.2,26.46 1 0
fantasy/database/controllers/teams.go:22.25,25.3 2 0
fantasy/database/controllers/teams.go:29.32,31.51 2 0
fantasy/database/controllers/teams.go:36.2,36.103 1 0
fantasy/database/controllers/teams.go:41.2,41.51 1 0
fantasy/database/controllers/teams.go:31.51,34.3 2 0
fantasy/database/controllers/teams.go:36.103,39.3 2 0
